// Jest Snapshot v1, https://goo.gl/fbAQLP

exports[`Pruebas sobre <GifExpertApp /> Coincide con el snapshot 1`] = `
<Fragment>
  <h2>
    GifExpertApp
  </h2>
  <AddCategory
    setCategories={[Function]}
  />
  <hr />
  <ol />
</Fragment>
`;

exports[`Pruebas sobre <GifExpertApp /> Debe mostrar una lista de categor√≠as 1`] = `
<Fragment>
  <h2>
    GifExpertApp
  </h2>
  <AddCategory
    setCategories={[Function]}
  />
  <hr />
  <ol>
    <GifGrid
      category="halo"
      key="halo"
    />
    <GifGrid
      category="veritasium"
      key="veritasium"
    />
  </ol>
</Fragment>
`;
