// Jest Snapshot v1, https://goo.gl/fbAQLP

exports[`Pruebas sobre <GifGridItem /> Muestra el componente correctamente 1`] = `
<div
  className="card animate__animated animate__fadeIn animate__delay-1s"
>
  <img
    alt="Un título"
    src="https://localhost/algo.jpg"
  />
  <p>
    Un título
  </p>
</div>
`;
